{"message":"test","source":"testsource","level":"error","timestamp":"0001-01-01T00:00:00Z","hops":[{"binary":"testservice","stack_trace":["teststacktrace"],"errors":[{"code":"test","message":"test","source":"testsource"}]}],"parameters":[{"key":"ctx_key","value":"ctx_val"}],"error_code":"test"}
