{"message":"message","source":"github.com/luno/jettison/log/source_test.go:16","level":"info","timestamp":"0001-01-01T00:00:00Z"}
