[
  "github.com/luno/jettison/errors/stack_test.go:34",
  "github.com/luno/jettison/errors/stack_test.go:36",
  "github.com/luno/jettison/errors/stack_test.go:36",
  "github.com/luno/jettison/errors/stack_test.go:36",
  "github.com/luno/jettison/errors/stack_test.go:36",
  "github.com/luno/jettison/errors/stack_test.go:36",
  "github.com/luno/jettison/errors/stack_test.go:22",
  "testing/testing.go:992",
  "runtime/asm_amd64.s:1373"
]